[0.009s] Invoking command in '/home/peyton/sec_bot/build/sec_bot': CMAKE_PREFIX_PATH=/opt/ros/humble /usr/bin/cmake /home/peyton/sec_bot/src/sec_bot -DCMAKE_INSTALL_PREFIX=/home/peyton/sec_bot/install/sec_bot
[0.019s] -- Found ament_cmake: 1.3.11 (/opt/ros/humble/share/ament_cmake/cmake)
[0.128s] -- Found Python3: /usr/bin/python3 (found version "3.10.12") found components: Interpreter 
[0.239s] -- Found ament_lint_auto: 0.12.11 (/opt/ros/humble/share/ament_lint_auto/cmake)
[0.322s] -- Added test 'copyright' to check source files copyright and LICENSE
[0.326s] -- Added test 'flake8' to check Python code syntax and style conventions
[0.327s] -- Added test 'lint_cmake' to check CMake code style
[0.328s] -- Added test 'pep257' to check Python code against some of the docstring style conventions in PEP 257
[0.329s] -- Added test 'xmllint' to check XML markup files
[0.332s] -- Configuring done
[0.334s] -- Generating done
[0.336s] -- Build files have been written to: /home/peyton/sec_bot/build/sec_bot
[0.338s] Invoked command in '/home/peyton/sec_bot/build/sec_bot' returned '0': CMAKE_PREFIX_PATH=/opt/ros/humble /usr/bin/cmake /home/peyton/sec_bot/src/sec_bot -DCMAKE_INSTALL_PREFIX=/home/peyton/sec_bot/install/sec_bot
[0.340s] Invoking command in '/home/peyton/sec_bot/build/sec_bot': CMAKE_PREFIX_PATH=/opt/ros/humble /usr/bin/cmake --build /home/peyton/sec_bot/build/sec_bot -- -j12 -l12
[0.364s] Invoked command in '/home/peyton/sec_bot/build/sec_bot' returned '0': CMAKE_PREFIX_PATH=/opt/ros/humble /usr/bin/cmake --build /home/peyton/sec_bot/build/sec_bot -- -j12 -l12
[0.371s] Invoking command in '/home/peyton/sec_bot/build/sec_bot': CMAKE_PREFIX_PATH=/opt/ros/humble /usr/bin/cmake --install /home/peyton/sec_bot/build/sec_bot
[0.375s] -- Install configuration: ""
[0.375s] -- Installing: /home/peyton/sec_bot/install/sec_bot/share/sec_bot/config
[0.375s] -- Installing: /home/peyton/sec_bot/install/sec_bot/share/sec_bot/config/controllers.yaml
[0.375s] -- Installing: /home/peyton/sec_bot/install/sec_bot/share/sec_bot/config/empty.yaml
[0.375s] -- Installing: /home/peyton/sec_bot/install/sec_bot/share/sec_bot/config/view_bot.rviz
[0.375s] -- Installing: /home/peyton/sec_bot/install/sec_bot/share/sec_bot/description
[0.375s] -- Installing: /home/peyton/sec_bot/install/sec_bot/share/sec_bot/description/robot.urdf.xacro
[0.375s] -- Installing: /home/peyton/sec_bot/install/sec_bot/share/sec_bot/description/gazebo_control.xacro
[0.376s] -- Installing: /home/peyton/sec_bot/install/sec_bot/share/sec_bot/description/inertial_macros.xacro
[0.376s] -- Installing: /home/peyton/sec_bot/install/sec_bot/share/sec_bot/description/camera.xacro
[0.376s] -- Installing: /home/peyton/sec_bot/install/sec_bot/share/sec_bot/description/urdf_help.txt
[0.376s] -- Installing: /home/peyton/sec_bot/install/sec_bot/share/sec_bot/description/message.txt
[0.376s] -- Installing: /home/peyton/sec_bot/install/sec_bot/share/sec_bot/description/ros2_control.xacro
[0.376s] -- Installing: /home/peyton/sec_bot/install/sec_bot/share/sec_bot/description/ground_plane.world
[0.376s] -- Installing: /home/peyton/sec_bot/install/sec_bot/share/sec_bot/description/robot_core.xacro
[0.376s] -- Installing: /home/peyton/sec_bot/install/sec_bot/share/sec_bot/description/ground_plane.xacro
[0.376s] -- Installing: /home/peyton/sec_bot/install/sec_bot/share/sec_bot/launch
[0.376s] -- Installing: /home/peyton/sec_bot/install/sec_bot/share/sec_bot/launch/rsp.launch.py
[0.377s] -- Installing: /home/peyton/sec_bot/install/sec_bot/share/sec_bot/launch/full.launch.py
[0.377s] -- Installing: /home/peyton/sec_bot/install/sec_bot/share/sec_bot/launch/launch_sim.launch.py
[0.377s] -- Installing: /home/peyton/sec_bot/install/sec_bot/share/sec_bot/worlds
[0.377s] -- Installing: /home/peyton/sec_bot/install/sec_bot/share/sec_bot/worlds/custom_empty.world
[0.377s] -- Installing: /home/peyton/sec_bot/install/sec_bot/share/sec_bot/worlds/empty.world
[0.378s] -- Installing: /home/peyton/sec_bot/install/sec_bot/share/sec_bot/worlds/purple_ball.world
[0.378s] -- Installing: /home/peyton/sec_bot/install/sec_bot/share/sec_bot/models
[0.378s] -- Installing: /home/peyton/sec_bot/install/sec_bot/share/sec_bot/models/ground_plane.sdf
[0.378s] -- Installing: /home/peyton/sec_bot/install/sec_bot/share/sec_bot/models/mining_mayhem_field
[0.378s] -- Installing: /home/peyton/sec_bot/install/sec_bot/share/sec_bot/models/mining_mayhem_field/model.sdf
[0.378s] -- Installing: /home/peyton/sec_bot/install/sec_bot/share/sec_bot/models/mining_mayhem_field/model.config
[0.378s] -- Installing: /home/peyton/sec_bot/install/sec_bot/share/sec_bot/models/mining_mayhem_field/meshes
[0.378s] -- Installing: /home/peyton/sec_bot/install/sec_bot/share/sec_bot/models/mining_mayhem_field/meshes/Mining_Mayhem_Field.stl
[0.405s] -- Installing: /home/peyton/sec_bot/install/sec_bot/share/sec_bot/models/purple_ball.sdf
[0.405s] -- Installing: /home/peyton/sec_bot/install/sec_bot/share/ament_index/resource_index/package_run_dependencies/sec_bot
[0.405s] -- Installing: /home/peyton/sec_bot/install/sec_bot/share/ament_index/resource_index/parent_prefix_path/sec_bot
[0.406s] -- Installing: /home/peyton/sec_bot/install/sec_bot/share/sec_bot/environment/ament_prefix_path.sh
[0.406s] -- Installing: /home/peyton/sec_bot/install/sec_bot/share/sec_bot/environment/ament_prefix_path.dsv
[0.406s] -- Installing: /home/peyton/sec_bot/install/sec_bot/share/sec_bot/environment/path.sh
[0.406s] -- Installing: /home/peyton/sec_bot/install/sec_bot/share/sec_bot/environment/path.dsv
[0.406s] -- Installing: /home/peyton/sec_bot/install/sec_bot/share/sec_bot/local_setup.bash
[0.406s] -- Installing: /home/peyton/sec_bot/install/sec_bot/share/sec_bot/local_setup.sh
[0.406s] -- Installing: /home/peyton/sec_bot/install/sec_bot/share/sec_bot/local_setup.zsh
[0.406s] -- Installing: /home/peyton/sec_bot/install/sec_bot/share/sec_bot/local_setup.dsv
[0.406s] -- Installing: /home/peyton/sec_bot/install/sec_bot/share/sec_bot/package.dsv
[0.407s] -- Installing: /home/peyton/sec_bot/install/sec_bot/share/ament_index/resource_index/packages/sec_bot
[0.407s] -- Installing: /home/peyton/sec_bot/install/sec_bot/share/sec_bot/cmake/sec_botConfig.cmake
[0.407s] -- Installing: /home/peyton/sec_bot/install/sec_bot/share/sec_bot/cmake/sec_botConfig-version.cmake
[0.407s] -- Installing: /home/peyton/sec_bot/install/sec_bot/share/sec_bot/package.xml
[0.410s] Invoked command in '/home/peyton/sec_bot/build/sec_bot' returned '0': CMAKE_PREFIX_PATH=/opt/ros/humble /usr/bin/cmake --install /home/peyton/sec_bot/build/sec_bot
