[0.013s] Invoking command in '/home/peyton/sec_bot/build/sec_bot': /usr/bin/cmake /home/peyton/sec_bot/src/sec_bot -DCMAKE_INSTALL_PREFIX=/home/peyton/sec_bot/install/sec_bot
[0.255s] -- The C compiler identification is GNU 11.4.0
[0.518s] -- The CXX compiler identification is GNU 11.4.0
[0.655s] -- Detecting C compiler ABI info
[0.744s] -- Detecting C compiler ABI info - done
[0.749s] -- Check for working C compiler: /usr/bin/cc - skipped
[0.750s] -- Detecting C compile features
[0.751s] -- Detecting C compile features - done
[0.754s] -- Detecting CXX compiler ABI info
[0.842s] -- Detecting CXX compiler ABI info - done
[0.847s] -- Check for working CXX compiler: /usr/bin/c++ - skipped
[0.847s] -- Detecting CXX compile features
[0.847s] -- Detecting CXX compile features - done
[1.325s] [31mCMake Error at CMakeLists.txt:19 (find_package):
[1.325s]   By not providing "Findament_cmake.cmake" in CMAKE_MODULE_PATH this project
[1.325s]   has asked CMake to find a package configuration file provided by
[1.325s]   "ament_cmake", but CMake did not find one.
[1.325s] 
[1.325s]   Could not find a package configuration file provided by "ament_cmake" with
[1.325s]   any of the following names:
[1.325s] 
[1.325s]     ament_cmakeConfig.cmake
[1.325s]     ament_cmake-config.cmake
[1.325s] 
[1.325s]   Add the installation prefix of "ament_cmake" to CMAKE_PREFIX_PATH or set
[1.325s]   "ament_cmake_DIR" to a directory containing one of the above files.  If
[1.325s]   "ament_cmake" provides a separate development package or SDK, be sure it
[1.325s]   has been installed.
[1.325s] 
[1.325s] [0m
[1.325s] -- Configuring incomplete, errors occurred!
[1.325s] See also "/home/peyton/sec_bot/build/sec_bot/CMakeFiles/CMakeOutput.log".
[1.327s] Invoked command in '/home/peyton/sec_bot/build/sec_bot' returned '1': /usr/bin/cmake /home/peyton/sec_bot/src/sec_bot -DCMAKE_INSTALL_PREFIX=/home/peyton/sec_bot/install/sec_bot
