[0.288s] Invoking command in '/home/jackn/kms/src/ball_tracker': PYTHONPATH=/home/jackn/kms/build/ball_tracker/prefix_override:/usr/lib/python3/dist-packages/colcon_core/task/python/colcon_distutils_commands:/home/jackn/kms/install/ball_tracker/lib/python3.10/site-packages:${PYTHONPATH} /usr/bin/python3 -W ignore:setup.py install is deprecated -W ignore:easy_install command is deprecated setup.py egg_info --egg-base ../../build/ball_tracker build --build-base /home/jackn/kms/build/ball_tracker/build install --record /home/jackn/kms/build/ball_tracker/install.log --single-version-externally-managed install_data
[0.393s] running egg_info
[0.393s] creating ../../build/ball_tracker/ball_tracker.egg-info
[0.394s] writing ../../build/ball_tracker/ball_tracker.egg-info/PKG-INFO
[0.394s] writing dependency_links to ../../build/ball_tracker/ball_tracker.egg-info/dependency_links.txt
[0.394s] writing entry points to ../../build/ball_tracker/ball_tracker.egg-info/entry_points.txt
[0.394s] writing requirements to ../../build/ball_tracker/ball_tracker.egg-info/requires.txt
[0.394s] writing top-level names to ../../build/ball_tracker/ball_tracker.egg-info/top_level.txt
[0.394s] writing manifest file '../../build/ball_tracker/ball_tracker.egg-info/SOURCES.txt'
[0.395s] reading manifest file '../../build/ball_tracker/ball_tracker.egg-info/SOURCES.txt'
[0.395s] adding license file 'LICENSE'
[0.395s] writing manifest file '../../build/ball_tracker/ball_tracker.egg-info/SOURCES.txt'
[0.395s] running build
[0.395s] running build_py
[0.396s] creating /home/jackn/kms/build/ball_tracker/build
[0.396s] creating /home/jackn/kms/build/ball_tracker/build/lib
[0.396s] creating /home/jackn/kms/build/ball_tracker/build/lib/ball_tracker
[0.396s] copying ball_tracker/follow_ball.py -> /home/jackn/kms/build/ball_tracker/build/lib/ball_tracker
[0.396s] copying ball_tracker/image_publisher.py -> /home/jackn/kms/build/ball_tracker/build/lib/ball_tracker
[0.396s] copying ball_tracker/__init__.py -> /home/jackn/kms/build/ball_tracker/build/lib/ball_tracker
[0.396s] copying ball_tracker/sim_multi_ball_tracker.py -> /home/jackn/kms/build/ball_tracker/build/lib/ball_tracker
[0.396s] copying ball_tracker/multi_ball_tracker.py -> /home/jackn/kms/build/ball_tracker/build/lib/ball_tracker
[0.396s] copying ball_tracker/image_subscriber.py -> /home/jackn/kms/build/ball_tracker/build/lib/ball_tracker
[0.396s] running install
[0.396s] running install_lib
[0.397s] creating /home/jackn/kms/install/ball_tracker/lib/python3.10/site-packages/ball_tracker
[0.397s] copying /home/jackn/kms/build/ball_tracker/build/lib/ball_tracker/follow_ball.py -> /home/jackn/kms/install/ball_tracker/lib/python3.10/site-packages/ball_tracker
[0.397s] copying /home/jackn/kms/build/ball_tracker/build/lib/ball_tracker/image_publisher.py -> /home/jackn/kms/install/ball_tracker/lib/python3.10/site-packages/ball_tracker
[0.397s] copying /home/jackn/kms/build/ball_tracker/build/lib/ball_tracker/__init__.py -> /home/jackn/kms/install/ball_tracker/lib/python3.10/site-packages/ball_tracker
[0.397s] copying /home/jackn/kms/build/ball_tracker/build/lib/ball_tracker/sim_multi_ball_tracker.py -> /home/jackn/kms/install/ball_tracker/lib/python3.10/site-packages/ball_tracker
[0.397s] copying /home/jackn/kms/build/ball_tracker/build/lib/ball_tracker/multi_ball_tracker.py -> /home/jackn/kms/install/ball_tracker/lib/python3.10/site-packages/ball_tracker
[0.397s] copying /home/jackn/kms/build/ball_tracker/build/lib/ball_tracker/image_subscriber.py -> /home/jackn/kms/install/ball_tracker/lib/python3.10/site-packages/ball_tracker
[0.397s] byte-compiling /home/jackn/kms/install/ball_tracker/lib/python3.10/site-packages/ball_tracker/follow_ball.py to follow_ball.cpython-310.pyc
[0.398s] byte-compiling /home/jackn/kms/install/ball_tracker/lib/python3.10/site-packages/ball_tracker/image_publisher.py to image_publisher.cpython-310.pyc
[0.398s] byte-compiling /home/jackn/kms/install/ball_tracker/lib/python3.10/site-packages/ball_tracker/__init__.py to __init__.cpython-310.pyc
[0.399s] byte-compiling /home/jackn/kms/install/ball_tracker/lib/python3.10/site-packages/ball_tracker/sim_multi_ball_tracker.py to sim_multi_ball_tracker.cpython-310.pyc
[0.399s] byte-compiling /home/jackn/kms/install/ball_tracker/lib/python3.10/site-packages/ball_tracker/multi_ball_tracker.py to multi_ball_tracker.cpython-310.pyc
[0.399s] byte-compiling /home/jackn/kms/install/ball_tracker/lib/python3.10/site-packages/ball_tracker/image_subscriber.py to image_subscriber.cpython-310.pyc
[0.399s] running install_data
[0.400s] creating /home/jackn/kms/install/ball_tracker/share/ament_index
[0.400s] creating /home/jackn/kms/install/ball_tracker/share/ament_index/resource_index
[0.400s] creating /home/jackn/kms/install/ball_tracker/share/ament_index/resource_index/packages
[0.400s] copying resource/ball_tracker -> /home/jackn/kms/install/ball_tracker/share/ament_index/resource_index/packages
[0.400s] copying package.xml -> /home/jackn/kms/install/ball_tracker/share/ball_tracker
[0.400s] creating /home/jackn/kms/install/ball_tracker/share/ball_tracker/launch
[0.400s] copying launch/camera.launch.py -> /home/jackn/kms/install/ball_tracker/share/ball_tracker/launch
[0.400s] copying launch/sim_cam.launch.py -> /home/jackn/kms/install/ball_tracker/share/ball_tracker/launch
[0.400s] copying launch/follow_ball.launch.py -> /home/jackn/kms/install/ball_tracker/share/ball_tracker/launch
[0.400s] running install_egg_info
[0.402s] Copying ../../build/ball_tracker/ball_tracker.egg-info to /home/jackn/kms/install/ball_tracker/lib/python3.10/site-packages/ball_tracker-0.0.0-py3.10.egg-info
[0.402s] running install_scripts
[0.411s] Installing follow_ball script to /home/jackn/kms/install/ball_tracker/lib/ball_tracker
[0.411s] Installing image_publisher script to /home/jackn/kms/install/ball_tracker/lib/ball_tracker
[0.412s] Installing image_subscriber script to /home/jackn/kms/install/ball_tracker/lib/ball_tracker
[0.412s] Installing multi_ball_tracker script to /home/jackn/kms/install/ball_tracker/lib/ball_tracker
[0.412s] Installing sim_multi_ball_tracker script to /home/jackn/kms/install/ball_tracker/lib/ball_tracker
[0.412s] writing list of installed files to '/home/jackn/kms/build/ball_tracker/install.log'
[0.426s] Invoked command in '/home/jackn/kms/src/ball_tracker' returned '0': PYTHONPATH=/home/jackn/kms/build/ball_tracker/prefix_override:/usr/lib/python3/dist-packages/colcon_core/task/python/colcon_distutils_commands:/home/jackn/kms/install/ball_tracker/lib/python3.10/site-packages:${PYTHONPATH} /usr/bin/python3 -W ignore:setup.py install is deprecated -W ignore:easy_install command is deprecated setup.py egg_info --egg-base ../../build/ball_tracker build --build-base /home/jackn/kms/build/ball_tracker/build install --record /home/jackn/kms/build/ball_tracker/install.log --single-version-externally-managed install_data
