[0.790s] Invoking command in '/home/peyton/ros_ws/sec_bot/build/ball_tracker': PYTHONPATH=/home/peyton/ros_ws/sec_bot/build/ball_tracker/prefix_override:/home/peyton/.local/lib/python3.10/site-packages/colcon_core/task/python/colcon_distutils_commands:/home/peyton/ros_ws/sec_bot/install/ball_tracker/lib/python3.10/site-packages:${PYTHONPATH} /usr/bin/python3 -W ignore:setup.py install is deprecated -W ignore:easy_install command is deprecated setup.py develop --editable --build-directory /home/peyton/ros_ws/sec_bot/build/ball_tracker/build --no-deps symlink_data --force
[0.977s] running develop
[1.100s] running egg_info
[1.100s] writing ball_tracker.egg-info/PKG-INFO
[1.101s] writing dependency_links to ball_tracker.egg-info/dependency_links.txt
[1.101s] writing entry points to ball_tracker.egg-info/entry_points.txt
[1.101s] writing requirements to ball_tracker.egg-info/requires.txt
[1.101s] writing top-level names to ball_tracker.egg-info/top_level.txt
[1.104s] reading manifest file 'ball_tracker.egg-info/SOURCES.txt'
[1.105s] writing manifest file 'ball_tracker.egg-info/SOURCES.txt'
[1.107s] running build_ext
[1.107s] Creating /home/peyton/ros_ws/sec_bot/install/ball_tracker/lib/python3.10/site-packages/ball-tracker.egg-link (link to .)
[1.108s] Installing follow_ball script to /home/peyton/ros_ws/sec_bot/install/ball_tracker/lib/ball_tracker
[1.108s] Installing image_publisher script to /home/peyton/ros_ws/sec_bot/install/ball_tracker/lib/ball_tracker
[1.108s] Installing image_subscriber script to /home/peyton/ros_ws/sec_bot/install/ball_tracker/lib/ball_tracker
[1.108s] Installing multi_ball_tracker script to /home/peyton/ros_ws/sec_bot/install/ball_tracker/lib/ball_tracker
[1.108s] Installing sim_multi_ball_tracker script to /home/peyton/ros_ws/sec_bot/install/ball_tracker/lib/ball_tracker
[1.108s] 
[1.109s] Installed /home/peyton/ros_ws/sec_bot/build/ball_tracker
[1.109s] running symlink_data
[1.109s] symbolically linking /home/peyton/ros_ws/sec_bot/build/ball_tracker/resource/ball_tracker -> /home/peyton/ros_ws/sec_bot/install/ball_tracker/share/ament_index/resource_index/packages
[1.109s] symbolically linking /home/peyton/ros_ws/sec_bot/build/ball_tracker/package.xml -> /home/peyton/ros_ws/sec_bot/install/ball_tracker/share/ball_tracker
[1.109s] symbolically linking /home/peyton/ros_ws/sec_bot/build/ball_tracker/launch/camera.launch.py -> /home/peyton/ros_ws/sec_bot/install/ball_tracker/share/ball_tracker/launch
[1.109s] symbolically linking /home/peyton/ros_ws/sec_bot/build/ball_tracker/launch/sim_cam.launch.py -> /home/peyton/ros_ws/sec_bot/install/ball_tracker/share/ball_tracker/launch
[1.109s] symbolically linking /home/peyton/ros_ws/sec_bot/build/ball_tracker/launch/follow_ball.launch.py -> /home/peyton/ros_ws/sec_bot/install/ball_tracker/share/ball_tracker/launch
[1.136s] Invoked command in '/home/peyton/ros_ws/sec_bot/build/ball_tracker' returned '0': PYTHONPATH=/home/peyton/ros_ws/sec_bot/build/ball_tracker/prefix_override:/home/peyton/.local/lib/python3.10/site-packages/colcon_core/task/python/colcon_distutils_commands:/home/peyton/ros_ws/sec_bot/install/ball_tracker/lib/python3.10/site-packages:${PYTHONPATH} /usr/bin/python3 -W ignore:setup.py install is deprecated -W ignore:easy_install command is deprecated setup.py develop --editable --build-directory /home/peyton/ros_ws/sec_bot/build/ball_tracker/build --no-deps symlink_data --force
