running egg_info
creating ../../build/ball_tracker/ball_tracker.egg-info
writing ../../build/ball_tracker/ball_tracker.egg-info/PKG-INFO
writing dependency_links to ../../build/ball_tracker/ball_tracker.egg-info/dependency_links.txt
writing entry points to ../../build/ball_tracker/ball_tracker.egg-info/entry_points.txt
writing requirements to ../../build/ball_tracker/ball_tracker.egg-info/requires.txt
writing top-level names to ../../build/ball_tracker/ball_tracker.egg-info/top_level.txt
writing manifest file '../../build/ball_tracker/ball_tracker.egg-info/SOURCES.txt'
reading manifest file '../../build/ball_tracker/ball_tracker.egg-info/SOURCES.txt'
adding license file 'LICENSE'
writing manifest file '../../build/ball_tracker/ball_tracker.egg-info/SOURCES.txt'
running build
running build_py
creating /home/peyton/sec_bot/build/ball_tracker/build
creating /home/peyton/sec_bot/build/ball_tracker/build/lib
creating /home/peyton/sec_bot/build/ball_tracker/build/lib/ball_tracker
copying ball_tracker/sim_multi_ball_tracker.py -> /home/peyton/sec_bot/build/ball_tracker/build/lib/ball_tracker
copying ball_tracker/follow_ball.py -> /home/peyton/sec_bot/build/ball_tracker/build/lib/ball_tracker
copying ball_tracker/__init__.py -> /home/peyton/sec_bot/build/ball_tracker/build/lib/ball_tracker
copying ball_tracker/image_publisher.py -> /home/peyton/sec_bot/build/ball_tracker/build/lib/ball_tracker
copying ball_tracker/april_tag_detector.py -> /home/peyton/sec_bot/build/ball_tracker/build/lib/ball_tracker
copying ball_tracker/multi_ball_tracker.py -> /home/peyton/sec_bot/build/ball_tracker/build/lib/ball_tracker
copying ball_tracker/image_subscriber.py -> /home/peyton/sec_bot/build/ball_tracker/build/lib/ball_tracker
running install
running install_lib
creating /home/peyton/sec_bot/install/ball_tracker/lib/python3.10/site-packages/ball_tracker
copying /home/peyton/sec_bot/build/ball_tracker/build/lib/ball_tracker/sim_multi_ball_tracker.py -> /home/peyton/sec_bot/install/ball_tracker/lib/python3.10/site-packages/ball_tracker
copying /home/peyton/sec_bot/build/ball_tracker/build/lib/ball_tracker/follow_ball.py -> /home/peyton/sec_bot/install/ball_tracker/lib/python3.10/site-packages/ball_tracker
copying /home/peyton/sec_bot/build/ball_tracker/build/lib/ball_tracker/__init__.py -> /home/peyton/sec_bot/install/ball_tracker/lib/python3.10/site-packages/ball_tracker
copying /home/peyton/sec_bot/build/ball_tracker/build/lib/ball_tracker/image_publisher.py -> /home/peyton/sec_bot/install/ball_tracker/lib/python3.10/site-packages/ball_tracker
copying /home/peyton/sec_bot/build/ball_tracker/build/lib/ball_tracker/april_tag_detector.py -> /home/peyton/sec_bot/install/ball_tracker/lib/python3.10/site-packages/ball_tracker
copying /home/peyton/sec_bot/build/ball_tracker/build/lib/ball_tracker/multi_ball_tracker.py -> /home/peyton/sec_bot/install/ball_tracker/lib/python3.10/site-packages/ball_tracker
copying /home/peyton/sec_bot/build/ball_tracker/build/lib/ball_tracker/image_subscriber.py -> /home/peyton/sec_bot/install/ball_tracker/lib/python3.10/site-packages/ball_tracker
byte-compiling /home/peyton/sec_bot/install/ball_tracker/lib/python3.10/site-packages/ball_tracker/sim_multi_ball_tracker.py to sim_multi_ball_tracker.cpython-310.pyc
byte-compiling /home/peyton/sec_bot/install/ball_tracker/lib/python3.10/site-packages/ball_tracker/follow_ball.py to follow_ball.cpython-310.pyc
byte-compiling /home/peyton/sec_bot/install/ball_tracker/lib/python3.10/site-packages/ball_tracker/__init__.py to __init__.cpython-310.pyc
byte-compiling /home/peyton/sec_bot/install/ball_tracker/lib/python3.10/site-packages/ball_tracker/image_publisher.py to image_publisher.cpython-310.pyc
byte-compiling /home/peyton/sec_bot/install/ball_tracker/lib/python3.10/site-packages/ball_tracker/april_tag_detector.py to april_tag_detector.cpython-310.pyc
byte-compiling /home/peyton/sec_bot/install/ball_tracker/lib/python3.10/site-packages/ball_tracker/multi_ball_tracker.py to multi_ball_tracker.cpython-310.pyc
byte-compiling /home/peyton/sec_bot/install/ball_tracker/lib/python3.10/site-packages/ball_tracker/image_subscriber.py to image_subscriber.cpython-310.pyc
running install_data
creating /home/peyton/sec_bot/install/ball_tracker/share/ament_index
creating /home/peyton/sec_bot/install/ball_tracker/share/ament_index/resource_index
creating /home/peyton/sec_bot/install/ball_tracker/share/ament_index/resource_index/packages
copying resource/ball_tracker -> /home/peyton/sec_bot/install/ball_tracker/share/ament_index/resource_index/packages
copying package.xml -> /home/peyton/sec_bot/install/ball_tracker/share/ball_tracker
creating /home/peyton/sec_bot/install/ball_tracker/share/ball_tracker/launch
copying launch/orb_slam3_stereo.launch.py -> /home/peyton/sec_bot/install/ball_tracker/share/ball_tracker/launch
copying launch/camera.launch.py -> /home/peyton/sec_bot/install/ball_tracker/share/ball_tracker/launch
copying launch/sim_cam.launch.py -> /home/peyton/sec_bot/install/ball_tracker/share/ball_tracker/launch
copying launch/follow_ball.launch.py -> /home/peyton/sec_bot/install/ball_tracker/share/ball_tracker/launch
creating /home/peyton/sec_bot/install/ball_tracker/share/ball_tracker/config
copying config/stereo.yaml -> /home/peyton/sec_bot/install/ball_tracker/share/ball_tracker/config
creating /home/peyton/sec_bot/install/ball_tracker/share/ball_tracker/config/Vocabulary
copying config/Vocabulary/ORBvoc.bin -> /home/peyton/sec_bot/install/ball_tracker/share/ball_tracker/config/Vocabulary
running install_egg_info
Copying ../../build/ball_tracker/ball_tracker.egg-info to /home/peyton/sec_bot/install/ball_tracker/lib/python3.10/site-packages/ball_tracker-0.0.0-py3.10.egg-info
running install_scripts
Installing follow_ball script to /home/peyton/sec_bot/install/ball_tracker/lib/ball_tracker
Installing image_publisher script to /home/peyton/sec_bot/install/ball_tracker/lib/ball_tracker
Installing image_subscriber script to /home/peyton/sec_bot/install/ball_tracker/lib/ball_tracker
Installing multi_ball_tracker script to /home/peyton/sec_bot/install/ball_tracker/lib/ball_tracker
Installing sim_multi_ball_tracker script to /home/peyton/sec_bot/install/ball_tracker/lib/ball_tracker
writing list of installed files to '/home/peyton/sec_bot/build/ball_tracker/install.log'
