[0.638s] Invoking command in '/home/peyton/sec_bot/src/ball_tracker': PYTHONPATH=/home/peyton/sec_bot/build/ball_tracker/prefix_override:/home/peyton/.local/lib/python3.10/site-packages/colcon_core/task/python/colcon_distutils_commands:/home/peyton/sec_bot/install/ball_tracker/lib/python3.10/site-packages:${PYTHONPATH} /usr/bin/python3 -W ignore:setup.py install is deprecated -W ignore:easy_install command is deprecated setup.py egg_info --egg-base ../../build/ball_tracker build --build-base /home/peyton/sec_bot/build/ball_tracker/build install --record /home/peyton/sec_bot/build/ball_tracker/install.log --single-version-externally-managed install_data
[0.790s] running egg_info
[0.790s] creating ../../build/ball_tracker/ball_tracker.egg-info
[0.791s] writing ../../build/ball_tracker/ball_tracker.egg-info/PKG-INFO
[0.791s] writing dependency_links to ../../build/ball_tracker/ball_tracker.egg-info/dependency_links.txt
[0.791s] writing entry points to ../../build/ball_tracker/ball_tracker.egg-info/entry_points.txt
[0.791s] writing requirements to ../../build/ball_tracker/ball_tracker.egg-info/requires.txt
[0.791s] writing top-level names to ../../build/ball_tracker/ball_tracker.egg-info/top_level.txt
[0.791s] writing manifest file '../../build/ball_tracker/ball_tracker.egg-info/SOURCES.txt'
[0.793s] reading manifest file '../../build/ball_tracker/ball_tracker.egg-info/SOURCES.txt'
[0.793s] adding license file 'LICENSE'
[0.793s] writing manifest file '../../build/ball_tracker/ball_tracker.egg-info/SOURCES.txt'
[0.793s] running build
[0.793s] running build_py
[0.793s] creating /home/peyton/sec_bot/build/ball_tracker/build
[0.793s] creating /home/peyton/sec_bot/build/ball_tracker/build/lib
[0.794s] creating /home/peyton/sec_bot/build/ball_tracker/build/lib/ball_tracker
[0.794s] copying ball_tracker/sim_multi_ball_tracker.py -> /home/peyton/sec_bot/build/ball_tracker/build/lib/ball_tracker
[0.794s] copying ball_tracker/follow_ball.py -> /home/peyton/sec_bot/build/ball_tracker/build/lib/ball_tracker
[0.794s] copying ball_tracker/__init__.py -> /home/peyton/sec_bot/build/ball_tracker/build/lib/ball_tracker
[0.794s] copying ball_tracker/image_publisher.py -> /home/peyton/sec_bot/build/ball_tracker/build/lib/ball_tracker
[0.794s] copying ball_tracker/april_tag_detector.py -> /home/peyton/sec_bot/build/ball_tracker/build/lib/ball_tracker
[0.794s] copying ball_tracker/multi_ball_tracker.py -> /home/peyton/sec_bot/build/ball_tracker/build/lib/ball_tracker
[0.795s] copying ball_tracker/image_subscriber.py -> /home/peyton/sec_bot/build/ball_tracker/build/lib/ball_tracker
[0.795s] running install
[0.795s] running install_lib
[0.795s] creating /home/peyton/sec_bot/install/ball_tracker/lib/python3.10/site-packages/ball_tracker
[0.795s] copying /home/peyton/sec_bot/build/ball_tracker/build/lib/ball_tracker/sim_multi_ball_tracker.py -> /home/peyton/sec_bot/install/ball_tracker/lib/python3.10/site-packages/ball_tracker
[0.795s] copying /home/peyton/sec_bot/build/ball_tracker/build/lib/ball_tracker/follow_ball.py -> /home/peyton/sec_bot/install/ball_tracker/lib/python3.10/site-packages/ball_tracker
[0.796s] copying /home/peyton/sec_bot/build/ball_tracker/build/lib/ball_tracker/__init__.py -> /home/peyton/sec_bot/install/ball_tracker/lib/python3.10/site-packages/ball_tracker
[0.796s] copying /home/peyton/sec_bot/build/ball_tracker/build/lib/ball_tracker/image_publisher.py -> /home/peyton/sec_bot/install/ball_tracker/lib/python3.10/site-packages/ball_tracker
[0.796s] copying /home/peyton/sec_bot/build/ball_tracker/build/lib/ball_tracker/april_tag_detector.py -> /home/peyton/sec_bot/install/ball_tracker/lib/python3.10/site-packages/ball_tracker
[0.796s] copying /home/peyton/sec_bot/build/ball_tracker/build/lib/ball_tracker/multi_ball_tracker.py -> /home/peyton/sec_bot/install/ball_tracker/lib/python3.10/site-packages/ball_tracker
[0.796s] copying /home/peyton/sec_bot/build/ball_tracker/build/lib/ball_tracker/image_subscriber.py -> /home/peyton/sec_bot/install/ball_tracker/lib/python3.10/site-packages/ball_tracker
[0.796s] byte-compiling /home/peyton/sec_bot/install/ball_tracker/lib/python3.10/site-packages/ball_tracker/sim_multi_ball_tracker.py to sim_multi_ball_tracker.cpython-310.pyc
[0.797s] byte-compiling /home/peyton/sec_bot/install/ball_tracker/lib/python3.10/site-packages/ball_tracker/follow_ball.py to follow_ball.cpython-310.pyc
[0.798s] byte-compiling /home/peyton/sec_bot/install/ball_tracker/lib/python3.10/site-packages/ball_tracker/__init__.py to __init__.cpython-310.pyc
[0.799s] byte-compiling /home/peyton/sec_bot/install/ball_tracker/lib/python3.10/site-packages/ball_tracker/image_publisher.py to image_publisher.cpython-310.pyc
[0.800s] byte-compiling /home/peyton/sec_bot/install/ball_tracker/lib/python3.10/site-packages/ball_tracker/april_tag_detector.py to april_tag_detector.cpython-310.pyc
[0.800s] byte-compiling /home/peyton/sec_bot/install/ball_tracker/lib/python3.10/site-packages/ball_tracker/multi_ball_tracker.py to multi_ball_tracker.cpython-310.pyc
[0.800s] byte-compiling /home/peyton/sec_bot/install/ball_tracker/lib/python3.10/site-packages/ball_tracker/image_subscriber.py to image_subscriber.cpython-310.pyc
[0.801s] running install_data
[0.801s] creating /home/peyton/sec_bot/install/ball_tracker/share/ament_index
[0.801s] creating /home/peyton/sec_bot/install/ball_tracker/share/ament_index/resource_index
[0.801s] creating /home/peyton/sec_bot/install/ball_tracker/share/ament_index/resource_index/packages
[0.802s] copying resource/ball_tracker -> /home/peyton/sec_bot/install/ball_tracker/share/ament_index/resource_index/packages
[0.802s] copying package.xml -> /home/peyton/sec_bot/install/ball_tracker/share/ball_tracker
[0.802s] creating /home/peyton/sec_bot/install/ball_tracker/share/ball_tracker/launch
[0.802s] copying launch/orb_slam3_stereo.launch.py -> /home/peyton/sec_bot/install/ball_tracker/share/ball_tracker/launch
[0.802s] copying launch/camera.launch.py -> /home/peyton/sec_bot/install/ball_tracker/share/ball_tracker/launch
[0.802s] copying launch/sim_cam.launch.py -> /home/peyton/sec_bot/install/ball_tracker/share/ball_tracker/launch
[0.802s] copying launch/follow_ball.launch.py -> /home/peyton/sec_bot/install/ball_tracker/share/ball_tracker/launch
[0.802s] creating /home/peyton/sec_bot/install/ball_tracker/share/ball_tracker/config
[0.803s] copying config/stereo.yaml -> /home/peyton/sec_bot/install/ball_tracker/share/ball_tracker/config
[0.803s] creating /home/peyton/sec_bot/install/ball_tracker/share/ball_tracker/config/Vocabulary
[0.803s] copying config/Vocabulary/ORBvoc.bin -> /home/peyton/sec_bot/install/ball_tracker/share/ball_tracker/config/Vocabulary
[0.840s] running install_egg_info
[0.841s] Copying ../../build/ball_tracker/ball_tracker.egg-info to /home/peyton/sec_bot/install/ball_tracker/lib/python3.10/site-packages/ball_tracker-0.0.0-py3.10.egg-info
[0.842s] running install_scripts
[0.855s] Installing follow_ball script to /home/peyton/sec_bot/install/ball_tracker/lib/ball_tracker
[0.855s] Installing image_publisher script to /home/peyton/sec_bot/install/ball_tracker/lib/ball_tracker
[0.855s] Installing image_subscriber script to /home/peyton/sec_bot/install/ball_tracker/lib/ball_tracker
[0.855s] Installing multi_ball_tracker script to /home/peyton/sec_bot/install/ball_tracker/lib/ball_tracker
[0.855s] Installing sim_multi_ball_tracker script to /home/peyton/sec_bot/install/ball_tracker/lib/ball_tracker
[0.855s] writing list of installed files to '/home/peyton/sec_bot/build/ball_tracker/install.log'
[0.873s] Invoked command in '/home/peyton/sec_bot/src/ball_tracker' returned '0': PYTHONPATH=/home/peyton/sec_bot/build/ball_tracker/prefix_override:/home/peyton/.local/lib/python3.10/site-packages/colcon_core/task/python/colcon_distutils_commands:/home/peyton/sec_bot/install/ball_tracker/lib/python3.10/site-packages:${PYTHONPATH} /usr/bin/python3 -W ignore:setup.py install is deprecated -W ignore:easy_install command is deprecated setup.py egg_info --egg-base ../../build/ball_tracker build --build-base /home/peyton/sec_bot/build/ball_tracker/build install --record /home/peyton/sec_bot/build/ball_tracker/install.log --single-version-externally-managed install_data
