[0.122s] Invoking command in '/home/jackn/kms/build/sec_bot': CMAKE_PREFIX_PATH=${CMAKE_PREFIX_PATH}:/home/jackn/kms/install/ball_tracker:/opt/ros/humble /usr/bin/cmake /home/jackn/kms/src/sec_bot -DCMAKE_INSTALL_PREFIX=/home/jackn/kms/install/sec_bot
[0.214s] -- The C compiler identification is GNU 11.4.0
[0.602s] -- The CXX compiler identification is GNU 11.4.0
[0.897s] -- Detecting C compiler ABI info
[0.998s] -- Detecting C compiler ABI info - done
[1.001s] -- Check for working C compiler: /usr/bin/cc - skipped
[1.002s] -- Detecting C compile features
[1.002s] -- Detecting C compile features - done
[1.003s] -- Detecting CXX compiler ABI info
[1.112s] -- Detecting CXX compiler ABI info - done
[1.116s] -- Check for working CXX compiler: /usr/bin/c++ - skipped
[1.116s] -- Detecting CXX compile features
[1.116s] -- Detecting CXX compile features - done
[1.117s] -- Found ament_cmake: 1.3.11 (/opt/ros/humble/share/ament_cmake/cmake)
[1.192s] -- Found Python3: /usr/bin/python3 (found version "3.10.12") found components: Interpreter 
[1.237s] -- Found ament_lint_auto: 0.12.11 (/opt/ros/humble/share/ament_lint_auto/cmake)
[1.275s] -- Added test 'copyright' to check source files copyright and LICENSE
[1.278s] -- Added test 'flake8' to check Python code syntax and style conventions
[1.278s] -- Added test 'lint_cmake' to check CMake code style
[1.278s] -- Added test 'pep257' to check Python code against some of the docstring style conventions in PEP 257
[1.280s] -- Added test 'xmllint' to check XML markup files
[1.280s] -- Configuring done
[1.283s] -- Generating done
[1.284s] -- Build files have been written to: /home/jackn/kms/build/sec_bot
[1.287s] Invoked command in '/home/jackn/kms/build/sec_bot' returned '0': CMAKE_PREFIX_PATH=${CMAKE_PREFIX_PATH}:/home/jackn/kms/install/ball_tracker:/opt/ros/humble /usr/bin/cmake /home/jackn/kms/src/sec_bot -DCMAKE_INSTALL_PREFIX=/home/jackn/kms/install/sec_bot
[1.287s] Invoking command in '/home/jackn/kms/build/sec_bot': CMAKE_PREFIX_PATH=${CMAKE_PREFIX_PATH}:/home/jackn/kms/install/ball_tracker:/opt/ros/humble /usr/bin/cmake --build /home/jackn/kms/build/sec_bot -- -j16 -l16
[1.307s] Invoked command in '/home/jackn/kms/build/sec_bot' returned '0': CMAKE_PREFIX_PATH=${CMAKE_PREFIX_PATH}:/home/jackn/kms/install/ball_tracker:/opt/ros/humble /usr/bin/cmake --build /home/jackn/kms/build/sec_bot -- -j16 -l16
[1.312s] Invoking command in '/home/jackn/kms/build/sec_bot': CMAKE_PREFIX_PATH=${CMAKE_PREFIX_PATH}:/home/jackn/kms/install/ball_tracker:/opt/ros/humble /usr/bin/cmake --install /home/jackn/kms/build/sec_bot
[1.316s] -- Install configuration: ""
[1.316s] -- Installing: /home/jackn/kms/install/sec_bot/share/sec_bot/config
[1.316s] -- Installing: /home/jackn/kms/install/sec_bot/share/sec_bot/config/view_bot.rviz
[1.316s] -- Installing: /home/jackn/kms/install/sec_bot/share/sec_bot/config/empty.yaml
[1.316s] -- Installing: /home/jackn/kms/install/sec_bot/share/sec_bot/description
[1.317s] -- Installing: /home/jackn/kms/install/sec_bot/share/sec_bot/description/urdf_help.txt
[1.317s] -- Installing: /home/jackn/kms/install/sec_bot/share/sec_bot/description/gazebo_control.xacro
[1.317s] -- Installing: /home/jackn/kms/install/sec_bot/share/sec_bot/description/camera.xacro
[1.317s] -- Installing: /home/jackn/kms/install/sec_bot/share/sec_bot/description/robot.urdf.xacro
[1.317s] -- Installing: /home/jackn/kms/install/sec_bot/share/sec_bot/description/inertial_macros.xacro
[1.317s] -- Installing: /home/jackn/kms/install/sec_bot/share/sec_bot/description/robot_core.xacro
[1.317s] -- Installing: /home/jackn/kms/install/sec_bot/share/sec_bot/description/ros2_control.xacro
[1.318s] -- Installing: /home/jackn/kms/install/sec_bot/share/sec_bot/launch
[1.318s] -- Installing: /home/jackn/kms/install/sec_bot/share/sec_bot/launch/ball_tracker_launch.py
[1.318s] -- Installing: /home/jackn/kms/install/sec_bot/share/sec_bot/launch/rsp.launch.py
[1.318s] -- Installing: /home/jackn/kms/install/sec_bot/share/sec_bot/launch/launch_sim.launch.py
[1.318s] -- Installing: /home/jackn/kms/install/sec_bot/share/sec_bot/worlds
[1.318s] -- Installing: /home/jackn/kms/install/sec_bot/share/sec_bot/worlds/empty.world
[1.318s] -- Installing: /home/jackn/kms/install/sec_bot/share/sec_bot/worlds/field.world
[1.318s] -- Installing: /home/jackn/kms/install/sec_bot/share/sec_bot/worlds/purple_ball.world
[1.318s] -- Installing: /home/jackn/kms/install/sec_bot/share/ament_index/resource_index/package_run_dependencies/sec_bot
[1.318s] -- Installing: /home/jackn/kms/install/sec_bot/share/ament_index/resource_index/parent_prefix_path/sec_bot
[1.319s] -- Installing: /home/jackn/kms/install/sec_bot/share/sec_bot/environment/ament_prefix_path.sh
[1.319s] -- Installing: /home/jackn/kms/install/sec_bot/share/sec_bot/environment/ament_prefix_path.dsv
[1.319s] -- Installing: /home/jackn/kms/install/sec_bot/share/sec_bot/environment/path.sh
[1.319s] -- Installing: /home/jackn/kms/install/sec_bot/share/sec_bot/environment/path.dsv
[1.319s] -- Installing: /home/jackn/kms/install/sec_bot/share/sec_bot/local_setup.bash
[1.319s] -- Installing: /home/jackn/kms/install/sec_bot/share/sec_bot/local_setup.sh
[1.319s] -- Installing: /home/jackn/kms/install/sec_bot/share/sec_bot/local_setup.zsh
[1.319s] -- Installing: /home/jackn/kms/install/sec_bot/share/sec_bot/local_setup.dsv
[1.319s] -- Installing: /home/jackn/kms/install/sec_bot/share/sec_bot/package.dsv
[1.320s] -- Installing: /home/jackn/kms/install/sec_bot/share/ament_index/resource_index/packages/sec_bot
[1.320s] -- Installing: /home/jackn/kms/install/sec_bot/share/sec_bot/cmake/sec_botConfig.cmake
[1.320s] -- Installing: /home/jackn/kms/install/sec_bot/share/sec_bot/cmake/sec_botConfig-version.cmake
[1.320s] -- Installing: /home/jackn/kms/install/sec_bot/share/sec_bot/package.xml
[1.321s] Invoked command in '/home/jackn/kms/build/sec_bot' returned '0': CMAKE_PREFIX_PATH=${CMAKE_PREFIX_PATH}:/home/jackn/kms/install/ball_tracker:/opt/ros/humble /usr/bin/cmake --install /home/jackn/kms/build/sec_bot
