/home/jackn/kms/install/ball_tracker/lib/python3.10/site-packages/ball_tracker/follow_ball.py
/home/jackn/kms/install/ball_tracker/lib/python3.10/site-packages/ball_tracker/image_publisher.py
/home/jackn/kms/install/ball_tracker/lib/python3.10/site-packages/ball_tracker/__init__.py
/home/jackn/kms/install/ball_tracker/lib/python3.10/site-packages/ball_tracker/sim_multi_ball_tracker.py
/home/jackn/kms/install/ball_tracker/lib/python3.10/site-packages/ball_tracker/multi_ball_tracker.py
/home/jackn/kms/install/ball_tracker/lib/python3.10/site-packages/ball_tracker/image_subscriber.py
/home/jackn/kms/install/ball_tracker/lib/python3.10/site-packages/ball_tracker/__pycache__/follow_ball.cpython-310.pyc
/home/jackn/kms/install/ball_tracker/lib/python3.10/site-packages/ball_tracker/__pycache__/image_publisher.cpython-310.pyc
/home/jackn/kms/install/ball_tracker/lib/python3.10/site-packages/ball_tracker/__pycache__/__init__.cpython-310.pyc
/home/jackn/kms/install/ball_tracker/lib/python3.10/site-packages/ball_tracker/__pycache__/sim_multi_ball_tracker.cpython-310.pyc
/home/jackn/kms/install/ball_tracker/lib/python3.10/site-packages/ball_tracker/__pycache__/multi_ball_tracker.cpython-310.pyc
/home/jackn/kms/install/ball_tracker/lib/python3.10/site-packages/ball_tracker/__pycache__/image_subscriber.cpython-310.pyc
/home/jackn/kms/install/ball_tracker/share/ament_index/resource_index/packages/ball_tracker
/home/jackn/kms/install/ball_tracker/share/ball_tracker/package.xml
/home/jackn/kms/install/ball_tracker/share/ball_tracker/launch/camera.launch.py
/home/jackn/kms/install/ball_tracker/share/ball_tracker/launch/sim_cam.launch.py
/home/jackn/kms/install/ball_tracker/share/ball_tracker/launch/follow_ball.launch.py
/home/jackn/kms/install/ball_tracker/lib/python3.10/site-packages/ball_tracker-0.0.0-py3.10.egg-info/PKG-INFO
/home/jackn/kms/install/ball_tracker/lib/python3.10/site-packages/ball_tracker-0.0.0-py3.10.egg-info/dependency_links.txt
/home/jackn/kms/install/ball_tracker/lib/python3.10/site-packages/ball_tracker-0.0.0-py3.10.egg-info/zip-safe
/home/jackn/kms/install/ball_tracker/lib/python3.10/site-packages/ball_tracker-0.0.0-py3.10.egg-info/SOURCES.txt
/home/jackn/kms/install/ball_tracker/lib/python3.10/site-packages/ball_tracker-0.0.0-py3.10.egg-info/top_level.txt
/home/jackn/kms/install/ball_tracker/lib/python3.10/site-packages/ball_tracker-0.0.0-py3.10.egg-info/entry_points.txt
/home/jackn/kms/install/ball_tracker/lib/python3.10/site-packages/ball_tracker-0.0.0-py3.10.egg-info/requires.txt
/home/jackn/kms/install/ball_tracker/lib/ball_tracker/follow_ball
/home/jackn/kms/install/ball_tracker/lib/ball_tracker/image_publisher
/home/jackn/kms/install/ball_tracker/lib/ball_tracker/image_subscriber
/home/jackn/kms/install/ball_tracker/lib/ball_tracker/multi_ball_tracker
/home/jackn/kms/install/ball_tracker/lib/ball_tracker/sim_multi_ball_tracker
