[0.126s] Invoking command in '/home/jackn/kms/build/sec_bot': CMAKE_PREFIX_PATH=${CMAKE_PREFIX_PATH}:/home/jackn/kms/install/ball_tracker:/opt/ros/humble /usr/bin/cmake /home/jackn/kms/src/sec_bot -DCMAKE_INSTALL_PREFIX=/home/jackn/kms/install/sec_bot
[0.223s] -- The C compiler identification is GNU 11.4.0
[0.630s] -- The CXX compiler identification is GNU 11.4.0
[0.936s] -- Detecting C compiler ABI info
[1.040s] -- Detecting C compiler ABI info - done
[1.044s] -- Check for working C compiler: /usr/bin/cc - skipped
[1.044s] -- Detecting C compile features
[1.044s] -- Detecting C compile features - done
[1.046s] -- Detecting CXX compiler ABI info
[1.153s] -- Detecting CXX compiler ABI info - done
[1.157s] -- Check for working CXX compiler: /usr/bin/c++ - skipped
[1.157s] -- Detecting CXX compile features
[1.157s] -- Detecting CXX compile features - done
[1.159s] -- Found ament_cmake: 1.3.11 (/opt/ros/humble/share/ament_cmake/cmake)
[1.233s] -- Found Python3: /usr/bin/python3 (found version "3.10.12") found components: Interpreter 
[1.277s] -- Found ament_lint_auto: 0.12.11 (/opt/ros/humble/share/ament_lint_auto/cmake)
[1.318s] -- Added test 'copyright' to check source files copyright and LICENSE
[1.320s] -- Added test 'flake8' to check Python code syntax and style conventions
[1.321s] -- Added test 'lint_cmake' to check CMake code style
[1.321s] -- Added test 'pep257' to check Python code against some of the docstring style conventions in PEP 257
[1.323s] -- Added test 'xmllint' to check XML markup files
[1.323s] -- Configuring done
[1.326s] -- Generating done
[1.327s] -- Build files have been written to: /home/jackn/kms/build/sec_bot
[1.330s] Invoked command in '/home/jackn/kms/build/sec_bot' returned '0': CMAKE_PREFIX_PATH=${CMAKE_PREFIX_PATH}:/home/jackn/kms/install/ball_tracker:/opt/ros/humble /usr/bin/cmake /home/jackn/kms/src/sec_bot -DCMAKE_INSTALL_PREFIX=/home/jackn/kms/install/sec_bot
[1.331s] Invoking command in '/home/jackn/kms/build/sec_bot': CMAKE_PREFIX_PATH=${CMAKE_PREFIX_PATH}:/home/jackn/kms/install/ball_tracker:/opt/ros/humble /usr/bin/cmake --build /home/jackn/kms/build/sec_bot -- -j16 -l16
[1.350s] Invoked command in '/home/jackn/kms/build/sec_bot' returned '0': CMAKE_PREFIX_PATH=${CMAKE_PREFIX_PATH}:/home/jackn/kms/install/ball_tracker:/opt/ros/humble /usr/bin/cmake --build /home/jackn/kms/build/sec_bot -- -j16 -l16
[1.356s] Invoking command in '/home/jackn/kms/build/sec_bot': CMAKE_PREFIX_PATH=${CMAKE_PREFIX_PATH}:/home/jackn/kms/install/ball_tracker:/opt/ros/humble /usr/bin/cmake --install /home/jackn/kms/build/sec_bot
[1.359s] -- Install configuration: ""
[1.359s] -- Installing: /home/jackn/kms/install/sec_bot/share/sec_bot/config
[1.360s] -- Installing: /home/jackn/kms/install/sec_bot/share/sec_bot/config/view_bot.rviz
[1.360s] -- Installing: /home/jackn/kms/install/sec_bot/share/sec_bot/config/empty.yaml
[1.360s] -- Installing: /home/jackn/kms/install/sec_bot/share/sec_bot/description
[1.360s] -- Installing: /home/jackn/kms/install/sec_bot/share/sec_bot/description/urdf_help.txt
[1.360s] -- Installing: /home/jackn/kms/install/sec_bot/share/sec_bot/description/gazebo_control.xacro
[1.360s] -- Installing: /home/jackn/kms/install/sec_bot/share/sec_bot/description/camera.xacro
[1.360s] -- Installing: /home/jackn/kms/install/sec_bot/share/sec_bot/description/robot.urdf.xacro
[1.360s] -- Installing: /home/jackn/kms/install/sec_bot/share/sec_bot/description/inertial_macros.xacro
[1.360s] -- Installing: /home/jackn/kms/install/sec_bot/share/sec_bot/description/robot_core.xacro
[1.360s] -- Installing: /home/jackn/kms/install/sec_bot/share/sec_bot/description/ros2_control.xacro
[1.361s] -- Installing: /home/jackn/kms/install/sec_bot/share/sec_bot/launch
[1.361s] -- Installing: /home/jackn/kms/install/sec_bot/share/sec_bot/launch/ball_tracker_launch.py
[1.361s] -- Installing: /home/jackn/kms/install/sec_bot/share/sec_bot/launch/rsp.launch.py
[1.361s] -- Installing: /home/jackn/kms/install/sec_bot/share/sec_bot/launch/launch_sim.launch.py
[1.361s] -- Installing: /home/jackn/kms/install/sec_bot/share/sec_bot/worlds
[1.361s] -- Installing: /home/jackn/kms/install/sec_bot/share/sec_bot/worlds/empty.world
[1.361s] -- Installing: /home/jackn/kms/install/sec_bot/share/sec_bot/worlds/field.world
[1.361s] -- Installing: /home/jackn/kms/install/sec_bot/share/sec_bot/worlds/purple_ball.world
[1.362s] -- Installing: /home/jackn/kms/install/sec_bot/share/sec_bot/models
[1.362s] -- Installing: /home/jackn/kms/install/sec_bot/share/sec_bot/models/boxes.sdf
[1.362s] -- Installing: /home/jackn/kms/install/sec_bot/share/sec_bot/models/mining_mayhem_field
[1.362s] -- Installing: /home/jackn/kms/install/sec_bot/share/sec_bot/models/mining_mayhem_field/model.config
[1.362s] -- Installing: /home/jackn/kms/install/sec_bot/share/sec_bot/models/mining_mayhem_field/model.sdf
[1.362s] -- Installing: /home/jackn/kms/install/sec_bot/share/sec_bot/models/ground_plane.sdf
[1.362s] -- Installing: /home/jackn/kms/install/sec_bot/share/sec_bot/models/purple_ball.sdf
[1.362s] -- Installing: /home/jackn/kms/install/sec_bot/share/sec_bot/models/apriltag
[1.362s] -- Installing: /home/jackn/kms/install/sec_bot/share/sec_bot/models/apriltag/model.config
[1.362s] -- Installing: /home/jackn/kms/install/sec_bot/share/sec_bot/models/apriltag/model.sdf
[1.363s] -- Installing: /home/jackn/kms/install/sec_bot/share/sec_bot/models/apriltag/textures
[1.363s] -- Installing: /home/jackn/kms/install/sec_bot/share/sec_bot/models/apriltag/textures/apriltag.png
[1.364s] -- Installing: /home/jackn/kms/install/sec_bot/share/ament_index/resource_index/package_run_dependencies/sec_bot
[1.364s] -- Installing: /home/jackn/kms/install/sec_bot/share/ament_index/resource_index/parent_prefix_path/sec_bot
[1.364s] -- Installing: /home/jackn/kms/install/sec_bot/share/sec_bot/environment/ament_prefix_path.sh
[1.364s] -- Installing: /home/jackn/kms/install/sec_bot/share/sec_bot/environment/ament_prefix_path.dsv
[1.364s] -- Installing: /home/jackn/kms/install/sec_bot/share/sec_bot/environment/path.sh
[1.364s] -- Installing: /home/jackn/kms/install/sec_bot/share/sec_bot/environment/path.dsv
[1.364s] -- Installing: /home/jackn/kms/install/sec_bot/share/sec_bot/local_setup.bash
[1.365s] -- Installing: /home/jackn/kms/install/sec_bot/share/sec_bot/local_setup.sh
[1.365s] -- Installing: /home/jackn/kms/install/sec_bot/share/sec_bot/local_setup.zsh
[1.365s] -- Installing: /home/jackn/kms/install/sec_bot/share/sec_bot/local_setup.dsv
[1.365s] -- Installing: /home/jackn/kms/install/sec_bot/share/sec_bot/package.dsv
[1.365s] -- Installing: /home/jackn/kms/install/sec_bot/share/ament_index/resource_index/packages/sec_bot
[1.365s] -- Installing: /home/jackn/kms/install/sec_bot/share/sec_bot/cmake/sec_botConfig.cmake
[1.365s] -- Installing: /home/jackn/kms/install/sec_bot/share/sec_bot/cmake/sec_botConfig-version.cmake
[1.365s] -- Installing: /home/jackn/kms/install/sec_bot/share/sec_bot/package.xml
[1.367s] Invoked command in '/home/jackn/kms/build/sec_bot' returned '0': CMAKE_PREFIX_PATH=${CMAKE_PREFIX_PATH}:/home/jackn/kms/install/ball_tracker:/opt/ros/humble /usr/bin/cmake --install /home/jackn/kms/build/sec_bot
