[0.556s] Invoking command in '/home/peyton/ros_ws/sec_bot/build/ball_tracker': PYTHONPATH=/home/peyton/ros_ws/sec_bot/build/ball_tracker/prefix_override:/home/peyton/.local/lib/python3.10/site-packages/colcon_core/task/python/colcon_distutils_commands:/home/peyton/ros_ws/sec_bot/install/ball_tracker/lib/python3.10/site-packages:${PYTHONPATH} /usr/bin/python3 -W ignore:setup.py install is deprecated -W ignore:easy_install command is deprecated setup.py develop --uninstall --editable --build-directory /home/peyton/ros_ws/sec_bot/build/ball_tracker/build
[0.752s] running develop
[0.874s] Removing /home/peyton/ros_ws/sec_bot/install/ball_tracker/lib/python3.10/site-packages/ball-tracker.egg-link (link to .)
[0.895s] Invoked command in '/home/peyton/ros_ws/sec_bot/build/ball_tracker' returned '0': PYTHONPATH=/home/peyton/ros_ws/sec_bot/build/ball_tracker/prefix_override:/home/peyton/.local/lib/python3.10/site-packages/colcon_core/task/python/colcon_distutils_commands:/home/peyton/ros_ws/sec_bot/install/ball_tracker/lib/python3.10/site-packages:${PYTHONPATH} /usr/bin/python3 -W ignore:setup.py install is deprecated -W ignore:easy_install command is deprecated setup.py develop --uninstall --editable --build-directory /home/peyton/ros_ws/sec_bot/build/ball_tracker/build
[0.896s] Invoking command in '/home/peyton/ros_ws/sec_bot/src/ball_tracker': PYTHONPATH=/home/peyton/ros_ws/sec_bot/build/ball_tracker/prefix_override:/home/peyton/.local/lib/python3.10/site-packages/colcon_core/task/python/colcon_distutils_commands:/home/peyton/ros_ws/sec_bot/install/ball_tracker/lib/python3.10/site-packages:${PYTHONPATH} /usr/bin/python3 -W ignore:setup.py install is deprecated -W ignore:easy_install command is deprecated setup.py egg_info --egg-base ../../build/ball_tracker build --build-base /home/peyton/ros_ws/sec_bot/build/ball_tracker/build install --record /home/peyton/ros_ws/sec_bot/build/ball_tracker/install.log --single-version-externally-managed install_data --force
[1.064s] running egg_info
[1.064s] writing ../../build/ball_tracker/ball_tracker.egg-info/PKG-INFO
[1.064s] writing dependency_links to ../../build/ball_tracker/ball_tracker.egg-info/dependency_links.txt
[1.064s] writing entry points to ../../build/ball_tracker/ball_tracker.egg-info/entry_points.txt
[1.064s] writing requirements to ../../build/ball_tracker/ball_tracker.egg-info/requires.txt
[1.064s] writing top-level names to ../../build/ball_tracker/ball_tracker.egg-info/top_level.txt
[1.065s] reading manifest file '../../build/ball_tracker/ball_tracker.egg-info/SOURCES.txt'
[1.066s] adding license file 'LICENSE'
[1.066s] writing manifest file '../../build/ball_tracker/ball_tracker.egg-info/SOURCES.txt'
[1.066s] running build
[1.066s] running build_py
[1.066s] copying ball_tracker/sim_multi_ball_tracker.py -> /home/peyton/ros_ws/sec_bot/build/ball_tracker/build/lib/ball_tracker
[1.067s] copying ball_tracker/multi_ball_tracker.py -> /home/peyton/ros_ws/sec_bot/build/ball_tracker/build/lib/ball_tracker
[1.067s] running install
[1.067s] running install_lib
[1.068s] creating /home/peyton/ros_ws/sec_bot/install/ball_tracker/lib/python3.10/site-packages/ball_tracker
[1.068s] copying /home/peyton/ros_ws/sec_bot/build/ball_tracker/build/lib/ball_tracker/sim_multi_ball_tracker.py -> /home/peyton/ros_ws/sec_bot/install/ball_tracker/lib/python3.10/site-packages/ball_tracker
[1.068s] copying /home/peyton/ros_ws/sec_bot/build/ball_tracker/build/lib/ball_tracker/follow_ball.py -> /home/peyton/ros_ws/sec_bot/install/ball_tracker/lib/python3.10/site-packages/ball_tracker
[1.068s] copying /home/peyton/ros_ws/sec_bot/build/ball_tracker/build/lib/ball_tracker/__init__.py -> /home/peyton/ros_ws/sec_bot/install/ball_tracker/lib/python3.10/site-packages/ball_tracker
[1.068s] copying /home/peyton/ros_ws/sec_bot/build/ball_tracker/build/lib/ball_tracker/image_publisher.py -> /home/peyton/ros_ws/sec_bot/install/ball_tracker/lib/python3.10/site-packages/ball_tracker
[1.068s] copying /home/peyton/ros_ws/sec_bot/build/ball_tracker/build/lib/ball_tracker/multi_ball_tracker.py -> /home/peyton/ros_ws/sec_bot/install/ball_tracker/lib/python3.10/site-packages/ball_tracker
[1.068s] copying /home/peyton/ros_ws/sec_bot/build/ball_tracker/build/lib/ball_tracker/image_subscriber.py -> /home/peyton/ros_ws/sec_bot/install/ball_tracker/lib/python3.10/site-packages/ball_tracker
[1.070s] byte-compiling /home/peyton/ros_ws/sec_bot/install/ball_tracker/lib/python3.10/site-packages/ball_tracker/sim_multi_ball_tracker.py to sim_multi_ball_tracker.cpython-310.pyc
[1.071s] byte-compiling /home/peyton/ros_ws/sec_bot/install/ball_tracker/lib/python3.10/site-packages/ball_tracker/follow_ball.py to follow_ball.cpython-310.pyc
[1.071s] byte-compiling /home/peyton/ros_ws/sec_bot/install/ball_tracker/lib/python3.10/site-packages/ball_tracker/__init__.py to __init__.cpython-310.pyc
[1.072s] byte-compiling /home/peyton/ros_ws/sec_bot/install/ball_tracker/lib/python3.10/site-packages/ball_tracker/image_publisher.py to image_publisher.cpython-310.pyc
[1.073s] byte-compiling /home/peyton/ros_ws/sec_bot/install/ball_tracker/lib/python3.10/site-packages/ball_tracker/multi_ball_tracker.py to multi_ball_tracker.cpython-310.pyc
[1.074s] byte-compiling /home/peyton/ros_ws/sec_bot/install/ball_tracker/lib/python3.10/site-packages/ball_tracker/image_subscriber.py to image_subscriber.cpython-310.pyc
[1.074s] running install_data
[1.074s] copying resource/ball_tracker -> /home/peyton/ros_ws/sec_bot/install/ball_tracker/share/ament_index/resource_index/packages
[1.075s] copying package.xml -> /home/peyton/ros_ws/sec_bot/install/ball_tracker/share/ball_tracker
[1.075s] copying launch/camera.launch.py -> /home/peyton/ros_ws/sec_bot/install/ball_tracker/share/ball_tracker/launch
[1.075s] copying launch/sim_cam.launch.py -> /home/peyton/ros_ws/sec_bot/install/ball_tracker/share/ball_tracker/launch
[1.075s] copying launch/follow_ball.launch.py -> /home/peyton/ros_ws/sec_bot/install/ball_tracker/share/ball_tracker/launch
[1.076s] running install_egg_info
[1.076s] Copying ../../build/ball_tracker/ball_tracker.egg-info to /home/peyton/ros_ws/sec_bot/install/ball_tracker/lib/python3.10/site-packages/ball_tracker-0.0.0-py3.10.egg-info
[1.077s] running install_scripts
[1.090s] Installing follow_ball script to /home/peyton/ros_ws/sec_bot/install/ball_tracker/lib/ball_tracker
[1.091s] Installing image_publisher script to /home/peyton/ros_ws/sec_bot/install/ball_tracker/lib/ball_tracker
[1.091s] Installing image_subscriber script to /home/peyton/ros_ws/sec_bot/install/ball_tracker/lib/ball_tracker
[1.091s] Installing multi_ball_tracker script to /home/peyton/ros_ws/sec_bot/install/ball_tracker/lib/ball_tracker
[1.091s] Installing sim_multi_ball_tracker script to /home/peyton/ros_ws/sec_bot/install/ball_tracker/lib/ball_tracker
[1.091s] writing list of installed files to '/home/peyton/ros_ws/sec_bot/build/ball_tracker/install.log'
[1.110s] Invoked command in '/home/peyton/ros_ws/sec_bot/src/ball_tracker' returned '0': PYTHONPATH=/home/peyton/ros_ws/sec_bot/build/ball_tracker/prefix_override:/home/peyton/.local/lib/python3.10/site-packages/colcon_core/task/python/colcon_distutils_commands:/home/peyton/ros_ws/sec_bot/install/ball_tracker/lib/python3.10/site-packages:${PYTHONPATH} /usr/bin/python3 -W ignore:setup.py install is deprecated -W ignore:easy_install command is deprecated setup.py egg_info --egg-base ../../build/ball_tracker build --build-base /home/peyton/ros_ws/sec_bot/build/ball_tracker/build install --record /home/peyton/ros_ws/sec_bot/build/ball_tracker/install.log --single-version-externally-managed install_data --force
